# sistema.map — os ícones do PRÓPRIO COSMIC, vestidos pelo Arcticons.
#
# Formato:  nome-que-o-COSMIC-pede : nome-no-arcticons [ : alias ]
#
# O terceiro campo, quando presente, é a palavra `alias`: marca uma repetição
# DELIBERADA de desenho. Sem ela, dois alvos apontando para o mesmo glifo fazem
# o gerador ESTOURAR — é a asserção que o SPRINTS.md pede, para que dois ícones
# nunca nasçam gêmeos em silêncio.
#
# O QUE NÃO ESTÁ AQUI CONTINUA VINDO DO PAPIRUS, e isso é de propósito:
#
#   - As FAMÍLIAS DE ESTADO. Medido em 05/08/2026 contra o índice completo do
#     Arcticons (14.996 nomes): o pack tem ZERO sufixos `-off`, `-mute`,
#     `-muted`, `-disabled`, `-low`, `-high`, `-medium`, e não tem `microphone`.
#     O COSMIC pede `audio-volume-*` em 5 estados, `network-wireless-*` em 7 e
#     `microphone-sensitivity-*` em 4. Vestir só um estado deixaria o ícone
#     MUDANDO DE ESTILO conforme o volume ou o sinal — pior que não vestir.
#
#   - Os BOTÕES DE JANELA (`window-close/maximize/minimize/restore`) e os
#     elementos internos de interface (`go-*`, `edit-*`, `pan-*`, `list-*`).
#     Fora do que ela pediu, usados o tempo todo, e sem equivalente decente.
#
#   - `preferences-wired`. O `arcticons:network` é um TELEFONE DE MESA, e o pack
#     não tem ethernet, router, modem nem cabo. Um ícone errado é pior que um
#     genérico, porque mente sobre o que a coisa é.
#
# A COR NÃO ENTRA AQUI, e isso está medido (docs/COSMIC-THEMING.md §4g): o
# toolkit do COSMIC descarta a cor do arquivo e repinta o ícone inteiro com a cor
# de texto do tema. Os SVG ficam em `currentColor` porque é o que o pack entrega
# e porque qualquer cor que puséssemos seria apagada.

# --- as páginas das Configurações (a tela que ela mandou) --------------------
preferences-appearance-symbolic:palette
preferences-applications-symbolic:apps
preferences-default-applications-symbolic:star
preferences-desktop-accessibility-symbolic:access
preferences-desktop-display-symbolic:tv
preferences-desktop-wallpaper-symbolic:gallery
preferences-dock-symbolic:launcher
preferences-input-devices-symbolic:keyboard
preferences-network-and-wireless-symbolic:wifi
preferences-wireless-symbolic:signal
preferences-panel-symbolic:taskbar
preferences-power-and-battery-symbolic:battery
preferences-region-and-language-symbolic:translate
preferences-time-and-language-symbolic:clock
preferences-system-time-symbolic:clock:alias
preferences-sound-symbolic:volume
preferences-startup-applications-symbolic:rocket
preferences-vpn-symbolic:shield
preferences-window-management-symbolic:layout
preferences-workspaces-symbolic:tile
preferences-X11-applications-symbolic:box

# --- os únicos que aparecem nas Configurações, e não têm estado -------------
display-symbolic:tv:alias
system-users-symbolic:contacts
connection-secure-symbolic:lock
speaker-symbolic:speaker
input-keyboard-symbolic:keyboard:alias
input-mouse-symbolic:mouse
tablet-symbolic:tablet
scanner-symbolic:scanner
smartphone-symbolic:phone

# ============================================================================
# OS ÍCONES DA BARRA — 10/08/2026, decidido por ela vendo os buracos
# ============================================================================
#
# As 30 linhas acima vestem os `preferences-*-symbolic`, que são as PÁGINAS do
# app Ajustes. A barra do COSMIC — volume, wi-fi, bateria, bluetooth, energia —
# nunca passou por aqui: medido em 10/08/2026, dos 30 ícones que os applets
# realmente pedem, 26 vinham do Papirus-Dark e 4 do `hicolor`. Nenhum do tema.
#
# O QUE ELA VIU ANTES DE DECIDIR, E POR QUE A DECISÃO É INCOMUM
#   A folha `scripts/folha_barra.py` mostrou cada estado dos dois lados, no
#   tamanho real da barra. O placar é ruim e ela o viu inteiro: 13 estados com
#   glifo, 13 SEM, e ZERO das oito famílias fecha todos os seus estados.
#
#   O motivo é a natureza do acervo, e não tem contorno: o Arcticons é pack de
#   ícone de APLICATIVO Android. Procurando o que falta, o que aparece são apps
#   — `mute` só existe como `mutereminder`, `bell` como `taco-bell`, `power`
#   como `microsoft-powerpoint`. `pause`, `logout` e `ethernet` dão zero.
#
#   O CUSTO, QUE ELA ACEITOU DE OLHOS ABERTOS: estado é o que a barra é.
#   `audio-volume-high` e `audio-volume-muted` não são dois ícones, são dois
#   quadros do mesmo. Com metade vestida, o desenho TROCA DE LINGUAGEM no
#   instante em que ela aperta mudo, ou quando a bateria cai de cheia para
#   fraca. Eu apresentei isso duas vezes, com a folha na mão; ela mandou
#   aplicar. Está aplicado.
#
#   PARA DESFAZER: apagar as linhas abaixo e rodar `meow icones reconstruir`.
#   Os 13 nomes voltam ao Papirus na mesma passagem, porque a remoção de órfão
#   deste script tira o arquivo e o resolvedor cai para o próximo tema da
#   cadeia. Nenhum arquivo do Papirus foi tocado.
#
# OS `:alias` AQUI SÃO TODOS DELIBERADOS, E DIZEM A MESMA COISA
#   Três níveis de volume compartilham um desenho porque o Arcticons tem UM
#   glifo de volume, não uma escada. O mesmo vale para o wi-fi. A alternativa
#   seria inventar variação recolorindo ou girando — o que seria desenho nosso
#   assinado como se fosse do pack, e este projeto não faz isso.
#
#   Consequência a olho nu: os três níveis de volume ficam INDISTINGUÍVEIS entre
#   si, e os três de sinal também. A barra deixa de informar intensidade e passa
#   a informar só "tem som" / "tem sinal".

# volume — 3 de 4 estados; o MUDO fica no Papirus
audio-volume-high-symbolic:volume
audio-volume-medium-symbolic:volume:alias
audio-volume-low-symbolic:volume:alias

# wi-fi — 3 de 4; o OFFLINE fica no Papirus
network-wireless-signal-excellent-symbolic:wifi
network-wireless-signal-good-symbolic:wifi:alias
network-wireless-signal-weak-symbolic:wifi:alias

# rede com fio — 1 de 2; o SEM CABO fica no Papirus
network-wired-symbolic:network

# bateria — 1 de 4; fraca, crítica e carregando ficam no Papirus.
# `:alias` porque `preferences-power-and-battery-symbolic` (a PÁGINA de Energia
# do Ajustes, lá em cima) já usa o mesmo desenho. Os dois nunca aparecem na
# mesma tela — um é a barra, o outro é uma lista dentro de uma janela — então
# repetir informa a mesma coisa nos dois lugares em vez de confundir.
battery-full-symbolic:battery:alias

# bluetooth — 1 de 2; o DESLIGADO fica no Papirus
cosmic-applet-bluetooth-active-symbolic:bluetooth

# notificações — 1 de 3; TEM NOVA e SILENCIADA ficam no Papirus
cosmic-applet-notification-symbolic:notifications

# energia — 3 de 5. `arcticons/reboot` foi RECUSADO ao ser rasterizado: o
# desenho é uma figura humana, marca de um app com esse nome, não uma seta de
# reinício. REINICIAR e SAIR ficam no Papirus.
system-shutdown-symbolic:power
# `:alias` pelo mesmo motivo da bateria: `connection-secure-symbolic` (o cadeado
# de rede segura) já usa `lock`. Cadeado é cadeado nos dois casos.
system-lock-screen-symbolic:lock:alias
system-suspend-symbolic:moon
