# apps-dracula.map — os aplicativos do LANÇADOR vestidos com o pack autoral
# Dracula (`Dracula_OS-Theme/src/icons/new-sessao-atual`, 295 desenhos).
#
# Formato:  nome-de-icone-do-.desktop : glifo-em-new-sessao-atual : cor [ : alias ]
#
# A COR É UMA CHAVE DA PALETA, NUNCA UM HEX — a mesma regra do apps-arcticons.map.
# As chaves válidas do flavor `dracula` estão no rodapé deste arquivo.
#
# ============================================================================
# POR QUE ESTE MAPA NASCE QUASE TODO COMENTADO
# ============================================================================
#
# O apps-arcticons.map tem uma regra que decide tudo: "só entra quem tem MATCH
# DE NOME EXATO. Um ícone errado é pior que um genérico, porque mente sobre o
# que a coisa é."
#
# Ela vale porque o Arcticons é um pack DE APLICATIVO: existe um desenho
# chamado `onlyoffice-documents`, e ele é do OnlyOffice. Match exato é
# verificável.
#
# Este pack é de outra natureza. Os 295 desenhos são CONCEITOS —
# `athena`, `arcade`, `coffin`, `kraken`, `hourglass`. Não há um desenho
# chamado "spotify" para casar com o Spotify. Escolher aqui é CURADORIA, e
# curadoria não se automatiza sem cair exatamente no defeito que aquela regra
# existe para impedir: um gerador "esperto" casaria Discord com `ghost` por
# achar graça, e o ícone passaria a mentir.
#
# Por isso as linhas vêm comentadas: cada uma é uma escolha do dono. Descomente
# e preencha glifo e cor. O rodapé lista os 295 desenhos disponíveis.
#
# GLIFO E COR REPETIDOS FAZEM O GERADOR ESTOURAR
#   Mesma regra do apps-arcticons.map, e aqui ela aperta: são 48
#   aplicativos visíveis para 26 cores da paleta. A repetição de COR vai ser
#   inevitável — marque com ` : alias` no quarto campo, que é o que autoriza a
#   repetição deliberada. Glifo repetido, não: há 295 desenhos para
#   48 aplicativos, sobra de fábrica.
#
# ============================================================================

# io.gitlab.theevilskeleton.Upscaler : ? : ?      # Ampliar
# com.beholder.app : ? : ?      # Beholder
# bleachbit : ? : ?      # BleachBit
# bleachbit : ? : ?      # BleachBit (as root)
# io.github.dvlv.boxbuddyrs : ? : ?      # BoxBuddy
# com.boxy_svg.BoxySVG : ? : ?      # Boxy SVG
# org.gnome.Calculator : ? : ?      # Calculator
# org.andrebfarias.Crononauta : ? : ?      # Chrononauta
# Ubuntu-selfservice : ? : ?      # Citrix Workspace (on Ubuntu)
# com.github.rafostar.Clapper : ? : ?      # Clapper
# com.system76.CosmicSettings : ? : ?      # Configurações
# io.github.cosmic_utils.camera : ? : ?      # Câmera
# com.discordapp.Discord : ? : ?      # Discord
# com.system76.CosmicEdit : ? : ?      # Editor de Texto
# extase-em-4r73 : ? : ?      # Extase em 4R73
# fogstripper : ? : ?      # FogStripper
# foundryvtt : ? : ?      # Foundry VTT
# com.system76.CosmicFiles : ? : ?      # Gestor de Arquivos
# google-chrome : ? : ?      # Google Chrome
# be.alexandervanhee.gradia : ? : ?      # Gradia
# com.system76.Popsicle : ? : ?      # Gravador USB Popsicle
hefesto-dualsense4unix : hephaestus : peach      # Hefesto - Dualsense4Unix
#   ^ único preenchido de fábrica: `hefesto` é `hephaestus` em português, o
#     mesmo deus ferreiro. Não é afinidade, é tradução — e o pack traz o
#     desenho com esse nome. A cor `peach` vem da forja; troque se quiser.
# input-keyboard : ? : ?      # Input Method
# org.kde.krita : ? : ?      # Krita
# com.system76.CosmicStore : ? : ?      # Loja de Aplicativos
# menulibre : ? : ?      # Menu Editor
# com.meowsystem.Painel : ? : ?      # MeowSystem
# com.microsoft.Edge : ? : ?      # Microsoft Edge
# nyx : ? : ?      # Nyx
# com.obsproject.Studio : ? : ?      # OBS Studio
# md.obsidian.Obsidian : ? : ?      # Obsidian
# org.onlyoffice.desktopeditors : ? : ?      # ONLYOFFICE
# protocolo-ouroboros : ? : ?      # Ouroboros
# pdfforge : ? : ?      # PDForge
# org.qbittorrent.qBittorrent : ? : ?      # qBittorrent
# rlogo_icon : ? : ?      # R
# sigilo : ? : ?      # Sigilo
# com.spotify.Client : ? : ?      # Spotify
# steam : ? : ?      # Steam
# syncthing : ? : ?      # Syncthing Web UI
# org.telegram.desktop : ? : ?      # Telegram
# com.system76.CosmicTerm : ? : ?      # Terminal
# thunderbird : ? : ?      # Thunderbird
# uad-ng : ? : ?      # Universal Android Debloater
# qrcode-void-generator : ? : ?      # VOID | QRcode
# io.github.flattool.Warehouse : ? : ?      # Warehouse
# net.waterfox.waterfox : ? : ?      # Waterfox
# whatsapp-linux-app : ? : ?      # WhatsApp

# ============================================================================
# OS 295 DESENHOS DISPONÍVEIS
# ============================================================================
#
#   air-hockey alien alien-variant amphora aphrodite arcade asteroid astronaut
#   athena axe bag balloon balloons bat bats bible billiard black-cat blood-
#   transfusion bomb bones book books box brain broken broom broomstick bucket
#   bug building candies candies-variant candle candle-variant candles
#   candlestick candy-cane candy-corn capsule cards cards-variant castle cat
#   cauldron cemetery centaur chariot chess chest chest-variant chips circle
#   cleaver clown coffin column computer computer-game console constellation
#   corpse costume cross crow crown crystal crystal-ball cupcake cyclops
#   dagger darts dead-tree dessert devil dice domino dove dracula dracula-hex
#   dwarf earth eclipse enchanted-mirror evil eye eye-ball eyeball fairy
#   fairy-dust fangs fear feather finger fire flag flask food fortune-telling
#   frankenstein full-moon galaxy galaxy-variant gallows game-controller game-
#   controller-variant game-controller-variant-five game-controller-variant-
#   four game-controller-variant-six game-controller-variant-three game-
#   controller-variant-two gameboy gaming gate gemstone genie ghost ghost-
#   variant ghosts gift gifts globe glove grapes grave grave-variant graveyard
#   graveyard-variant griffin grim-reaper guillotine halloween halloween-
#   variant hand handcuff handcuffs harp haunted-house hearts hephaestus
#   hephaestus-variant hermes hermes-variant hook hourglass hydra jack-o-
#   lantern jenga kappa key knife kraken lantern laurel living-dead lollipop
#   lyre magic magic-assistant magic-ball magic-broom magic-cape magic-hat
#   magic-lamp magic-mirror magic-trick magic-trick-variant magic-wand magic-
#   wand-variant magician magician-hat magician-hat-variant makeup mandolin
#   mask mask-variant mass meteor minotaur mobile-game monkey monster monster-
#   variant moon mortar mouse muffin mummy mushroom night observatory owl
#   padlock paper-bag parthenon party pendant phoenix pirate planet planet-
#   variant planet-variant-two plant podium poison pot potion potion-variant
#   powder prisoner pumpkin pumpkin-variant pumpkins puzzle rabbit rainbow
#   reaper ring robot robot-variant robot-variant-two rocket roulette rum
#   sandglass satellite satellite-dish satellite-variant satellite-variant-
#   three satellite-variant-two saw scarecrow scream scroll scythe serial-
#   killer shield skeleton skeleton-variant skull slot-machine smoke snake
#   space space-capsule spaceship spell spell-book spell-variant spellbook
#   spider spider-web stage sun sweets sword target tarot telescope tent
#   tetris tetris-variant three-dimensional-glasses tic-tac-toe ticket
#   tombstone tombstone-variant toolbox torch treasure-chest tree trick
#   trident trireme tube unicorn vampire vial video-card violin virtual-
#   reality voodoo voodoo-doll wand werewolf winner witch witch-hat witch-
#   variant wizard wizard-hat wizard-variant zeus zombie zombie-variant
#
# CORES VÁLIDAS (flavor dracula)
#
#   base blue crust flamingo green lavender mantle maroon mauve overlay0
#   overlay1 overlay2 peach pink red rosewater sapphire sky subtext0 subtext1
#   surface0 surface1 surface2 teal text yellow
