# apps-arcticons.map — os aplicativos do LANÇADOR que o Arcticons veste, em
# traço de linha recolorido na paleta.
#
# Formato:  nome-de-icone-do-.desktop : glifo-em-icons/arcticons-apps : cor [ : alias ]
#
# A COR É UMA CHAVE DA PALETA, NUNCA UM HEX
#   `assets/paleta/catppuccin.json` é a fonte única de cor deste projeto e nenhum hex
#   pode viver dentro de script nem de mapa. O que se grava aqui é o NOME
#   (`sapphire`, `peach`, ...); o script resolve para o hex do `$FLAVOR` em uso.
#   Por isso este caminho serve os QUATRO flavors — ao contrário do acervo PNG
#   do `assets/icones/apps.map`, que só tem macchiato e latte e aproxima os outros dois.
#
# O quarto campo, quando presente, é a palavra `alias`: autoriza uma repetição
# DELIBERADA de glifo ou de cor. Sem ela, dois aplicativos que recebessem o mesmo
# desenho — ou a mesma cor — fazem o gerador ESTOURAR. Ver o porquê abaixo.
#
# ============================================================================
# A REGRA QUE DECIDE, E ELA CUSTOU 11 DOS 12 ÓRFÃOS
# ============================================================================
#
# Só entra quem tem MATCH DE NOME EXATO no Arcticons. Um ícone errado é pior que
# um genérico, porque mente sobre o que a coisa é. Medido em 08/08/2026 contra o
# índice COMPLETO do pack (14.996 nomes, baixado de
# `https://api.iconify.design/collection?prefix=arcticons`), os 12 aplicativos
# que ainda vinham do Papirus deram isto:
#
#   org.onlyoffice.desktopeditors   -> onlyoffice-documents   ENTRA
#   com.boxy_svg.BoxySVG            -> (nada: `boxy` = 0 hits)
#   com.github.tchx84.Flatseal      -> (nada: `flatseal` = 0 hits)
#   io.github.flattool.Warehouse    -> (só `tp-warehouse`, que é outro app)
#   net.davidotek.pupgui2           -> (nada: `protonup`/`pupgui` = 0 hits;
#                                      `proton` no pack é a Proton AG, de e-mail
#                                      e VPN — nada que ver com o Proton da Valve)
#   org.bleachbit.BleachBit         -> (nada; `ccleaner` existe e é outro programa)
#   org.gnome.Calculator            -> (só `calculator`, glifo genérico)
#   org.gnome.gitlab.somas.Apostrophe -> (nada)
#   org.gnome.Snapshot              -> (só `camera`, glifo genérico)
#   btop                            -> (nada; `cpu`/`cpustats` são genéricos)
#   com.github.johnfactotum.Foliate -> (nada; `books`/`bookshelf` são genéricos)
#   org.gnome.FileRoller            -> (nada; `zip` é genérico)
#
# Os genéricos honestos NÃO entram sozinhos: foram para a folha visual
# `~/folha-apps-orfaos-2.html`, a 48 px sobre os dois fundos, para ela escolher.
# Enquanto não escolher, o ícone FICA NO PAPIRUS — e isso é resultado, não
# fracasso. Foi ela quem fixou o desenho, em 08/08/2026: "o arcticons ele vem
# pra apoiar o outro tema principal não vem pra ser o tema principal."
#
# ============================================================================
# O `btop` É A EXCEÇÃO, E ELA FOI PEDIDA — E MEDIDA
# ============================================================================
#
# Em 08/08/2026 ela olhou o lançador e disse: "obsidian btop telegram qb torrent
# não tão legais. não conseguimos substituir elas?". O `btop` é o caso em que o
# genérico honesto ENTRA, porque o ícone que estava no ar era o pior da dock por
# medida, não por gosto.
#
# O QUE O PAPIRUS ENTREGAVA, MEDIDO A 48 px SOBRE OS QUATRO FUNDOS REAIS
#   `/usr/share/icons/Papirus/48x48/apps/btop.svg` (o Papirus-Dark é link para
#   ele — os dois temas têm o MESMO arquivo, conferido com `readlink -f`): um "B"
#   vermelho `#e62525` sobre uma PLACA OPACA `#3f3f3f`, 62% da caixa opaca com
#   luminância mediana < 0,10. É a única placa escura do lançador dela.
#
#     separação WCAG   mocha 2,43 · dockE 1,61 · dockC 2,30 · latte 9,31
#     ΔE Oklab (p90)   mocha 0,318 · dockE 0,235 · dockC 0,221
#
#   Nos 48 ícones que ela vê de fato, o piso do lançador é 1,61 em dockE e 1,14
#   em mocha — e o btop É o 1,61. Era o ícone que menos se separava do vidro nos
#   dois estados escuros, e o único com placa. Não é preferência: é o mínimo.
#
# POR QUE UM GLIFO GENÉRICO NÃO MENTE AQUI
#   `btop` dá ZERO no índice completo — reconferido em 08/08/2026 sobre os 15.300
#   nomes resolvíveis (14.913 do campo `total` + 83 `hidden` + 304 `aliases`; o
#   "14.996" desta casa é `total`+`hidden`). Nem `bpytop`, nem `htop`, nem
#   `glances`, nem `atop`. O programa é um monitor de recursos — CPU, memória,
#   disco, rede, processos — e `osmonitor` é uma TELA COM UM GRÁFICO DENTRO. Não
#   carrega marca de ninguém, então não mente sobre o que a coisa é. É o mesmo
#   critério que barrou `BoxySVG -> inkscape`: o que mente é marca alheia, não
#   desenho genérico.
#
#   Os outros seis candidatos foram rasterizados a 48 px e olhados, não supostos:
#     osmonitor                 tela + onda + três pontos   ENTRA (lê como monitor)
#     cpu                       um chip                     honesto, mas só "processador"
#     cpuinfo                   chip com pinos              os pinos serrilham a 48 px
#     cpustats                  escada de blocos            lê "gráfico", não "monitor"
#     taskmanager               três barras                 lê qualquer coisa
#     simple-system-monitor     onda dentro de um quadrado   a onda desaparece na moldura
#     running-services-monitor  engrenagem + onda            engrenagem serrilha a 48 px
#     appsmonitor               um RELÓGIO                   MENTE — fora
#
#   E o que NÃO entrou pelo acervo Catppuccin: `task-manager.png` é o Gerenciador
#   de Tarefas do Windows (outro programa) e, pior, tem A MESMA PLACA OPACA
#   ESCURA (95% da caixa opaca, luminância < 0,10) com cobertura de 96% — acima
#   de tudo que ela tem. Trocaria a placa por outra placa.
#
# A COR: `maroon`, PELO MÉTODO DA CASA, NÃO PELO GOSTO
#   Marca real = o `#e62525` do Papirus (162 px, a de maior área com croma>0,04),
#   Oklab L=0,595 C=0,225 H=27,6°. O casamento por MATIZ com a guarda de croma
#   (a mesma que o BoxySVG usou para cair em `peach`) descarta `rosewater`
#   (dH 2,9° mas C=0,024 — leria como branco) e `flamingo` (C=0,042), e a mais
#   próxima que sobra é `maroon` #EBA0AC, dH=18,8°, C=0,090.
#
#     osmonitor+maroon   WCAG  mocha 7,93 · dockE 5,25 · dockC 2,21
#                        ΔE90  mocha 0,547 · dockE 0,430 · dockC 0,226
#
#   Ganho contra a placa: +226% de separação WCAG em mocha, +226% em dockE, e
#   empate em dockC — os dois estados onde o btop era o pior da dock.
#
#   SE ELA PREFERIR MAIS SEPARAÇÃO A MAIS FIDELIDADE DE MATIZ, é UMA PALAVRA
#   nesta linha: `peach` #FAB387 dá dH=25,0° (6° pior que maroon) e ΔE90 dockC
#   0,284 em vez de 0,226 — 26% melhor no estado CLARO do vidro, e o único
#   candidato que passa do quartil inferior do lançador (p25 = 0,285) ali.
#
# O CUSTO QUE NÃO SE ESCONDE: A COBERTURA
#   Traço de 1 px a 48 px cobre 14% da caixa. Nos 48 ícones do lançador dela a
#   cobertura vai de 23% a 100% (p10=36%, p50=59%) — a ÚNICA exceção é o próprio
#   `onlyoffice-documents`, com 9%. Ou seja: o Arcticons é um registro visual
#   à parte nesta dock, e agora ele tem dois membros em vez de um. Engrossar o
#   traço consertaria a cobertura e MUDARIA O ONLYOFFICE TAMBÉM — o `TRACO` é por
#   diretório, não por ícone, e o "1× a 48 px" foi escolha dela na folha da
#   Sprint A. Por isso não se toca nele aqui.
#
# ============================================================================
# POR QUE `onlyoffice-documents` PASSA NA REGRA
# ============================================================================
#
# O nome não é `onlyoffice` puro, e isso foi conferido em vez de suposto: o
# glifo é a marca ONLYOFFICE — as TRÊS CAMADAS EMPILHADAS — desenhada em linha.
# É o mesmo desenho que o Papirus entrega colorido para
# `org.onlyoffice.desktopeditors` (conferido lado a lado, rasterizado a 48 px).
# ONLYOFFICE Documents é o cliente móvel dos mesmos editores; a marca é a mesma
# empresa e o mesmo logotipo. Não é "parecido": é o mesmo aplicativo.
#
# ============================================================================
# DE ONDE SAI A COR, E O QUE A MEDIÇÃO MOSTROU
# ============================================================================
#
# Método (docs/SPRINTS.md): cor dominante da marca real — o ícone do Papirus que
# já está no disco —, convertida para Oklab, casada com a cor Catppuccin mais
# próxima EM MATIZ.
#
#   /usr/share/icons/Papirus-Dark/48x48/categories/org.onlyoffice.desktopeditors.svg
#   rasterizado a 128 px, pixels opacos com croma > 0,04, contados:
#       2832 px  #3b9dda  (a camada AZUL, que está por cima)
#       1877 px  #ea6e41  (a camada laranja, embaixo)
#       1876 px  #aed351  (a camada verde, no meio)
#   dominante = #3b9dda -> Oklab L=0,666 C=0,127 H=240,2°
#       sapphire  #74C7EC  H=228,7°  dH=11,6°   <- escolhida
#       blue      #89B4FA  H=259,9°  dH=19,6°
#
# A MARCA É TRICOLOR E O GLIFO É DE UMA COR SÓ — a escolha é entre as três, e
# ficou registrada: vence a de MAIOR ÁREA, que aqui também é a camada de cima.
# Se ela preferir o laranja da marca corporativa, é UMA PALAVRA nesta linha:
# `peach` (o laranja #ea6e41 dá H=35,2°, e com a guarda de croma casa em peach).
#
# DUAS ARMADILHAS MEDIDAS, E AS DUAS SÃO REAIS AQUI
#
#   1. A PALETA NÃO TEM COR ESCURA E SATURADA. Medido no mocha: entre as 26
#      cores com L < 0,55, o croma MÁXIMO é 0,034 (o SPRINTS.md dizia 0,039 —
#      esse número é do latte, onde dá 0,043, porque `red`, `blue` e `mauve` do
#      latte ficam bem na fronteira, em L≈0,55). Consequência declarada: marca
#      escura NÃO tem para onde ir escura. A regra deste mapa é preservar o
#      MATIZ e aceitar que o resultado clareia; se a marca for escura E neutra
#      (croma < 0,04 — GitHub, Steam), não há matiz a preservar e o certo é
#      `text`, que é o que o próprio pack faz com tudo. Nenhum caso hoje.
#
#   2. DUAS MARCAS CAEM NA MESMA COR — e não é hipótese. Rodando o método nos
#      13 órfãos (12 visíveis + syncthing), deu TRÊS grupos em colisão:
#          peach     -> Flatseal, Apostrophe, BoxySVG
#          green     -> ProtonUp-Qt, Calculadora, File Roller
#          sapphire  -> ONLYOFFICE, Syncthing
#      Por isso o `_conferir_gemeos` do script confere GLIFO e COR, e ESTOURA
#      (código 2) em vez de deixar dois ícones nascerem iguais em silêncio.
#      Quando a repetição for decidida, marque com `:alias` no fim da linha.
#
#   3. E UMA TERCEIRA, QUE SÓ APARECE AQUI: DUAS LISTAS DA MESMA VERDADE. Um
#      nome que estivesse NESTE mapa e também em `assets/icones/apps.map` ganharia dois
#      ícones, e o SVG venceria o PNG sem ninguém ter decidido isso — dentro de
#      um tema, a extensão é o laço externo da busca (docs/COSMIC-THEMING.md
#      §2): todo `.svg` é tentado antes de qualquer `.png`, em qualquer tamanho.
#      O script recusa esse cruzamento.
#
# ============================================================================
# O `input-remapper` NÃO ESTAVA ÓRFÃO — ELE NEM CONSULTAVA O TEMA
# ============================================================================
#
# Este é o único caso deste mapa que não veio da lista de órfãos. Medido em
# 08/08/2026: o `/usr/share/applications/input-remapper-gtk.desktop` trazia
#
#     Icon=/usr/share/input-remapper/input-remapper.svg
#
# um CAMINHO ABSOLUTO. Com caminho absoluto o tema de ícones não é nem
# consultado — não há nome a resolver, e nenhuma linha de mapa nenhum poderia
# alcançar aquele ícone. Quem troca o caminho pelo nome `input-remapper` é o
# `scripts/icones_absolutos.sh`; quem faz o nome existir é esta linha.
#
# POR QUE `keymapper` PASSA NA REGRA DO NOME EXATO
#   O nome exato `input-remapper` dá ZERO no índice completo do pack, e também
#   `inputremapper`, `remapper`, `buttonmapper` e `hotkey`. O que existe é
#   `keymapper`, que é o Key Mapper do Android (sds100) — OUTRO aplicativo, e
#   por isso a pergunta certa não é o nome, é o DESENHO. Rasterizado a 48 px e
#   olhado, não suposto: um GAMEPAD com D-pad na frente de um TECLADO com as
#   teclas em pontos. Não há letra, não há marca, não há logotipo de ninguém —
#   é a mesma classe de desenho genérico que fez `osmonitor` entrar para o
#   `btop`, e o critério é o mesmo: o que mente é marca alheia, não desenho.
#
#   E ele bate com o que o PRÓPRIO aplicativo desenha. O SVG do upstream
#   (`/usr/share/input-remapper/input-remapper.svg`, set/2023) é um gamepad com
#   um D-pad de setas dentro de um círculo azul-claro. Gamepad + teclas é a
#   composição do ícone original, não uma invenção nossa.
#
# A COR É `sky`, E O DESEMPATE ESTÁ AQUI PORQUE FOI POR 0,2°
#   Método da casa: cor dominante da marca real — o SVG do upstream rasterizado
#   a 128 px, pixels opacos com croma > 0,04, contados:
#       7121 px  #91E5FF  (o disco azul-claro)
#       2899 px  #005A76  (o contorno escuro)
#       1856 px  #EE628B  (as setas e os botões, rosa)
#   dominante = #91E5FF -> Oklab L=0,877 C=0,089 H=219,6°
#       sapphire  #74C7EC  H=228,7°  dH=9,1°  L=0,791
#       sky       #89DCEB  H=218,6°  dH=9,3°  L=0,847   <- escolhida
#
#   O casamento por matiz dá um EMPATE: 0,2° de diferença, que é menos que o
#   ruído da medição (a própria cor dominante varia 2° entre os tons vizinhos do
#   antisserrilhado — #91E6FF dá 218,6° e #91E4FF dá 220,6°). Empatado o matiz, o
#   desempate foi pelas duas coisas que NÃO empatam:
#
#     1. LUMINOSIDADE. A marca tem L=0,877. `sky` fica a 0,030 dela; `sapphire`,
#        a 0,086 — quase três vezes mais longe. `sky` é a cor clara que a marca é.
#     2. `sapphire` JÁ ESTÁ TOMADO pelo ONLYOFFICE, duas linhas abaixo. Escolher
#        `sapphire` faria o `_conferir_gemeos` ESTOURAR (código 2), e a saída seria
#        ou trocar de cor ou escrever `:alias` — ou seja, decidir em silêncio que
#        dois ícones vizinhos do lançador podem ser da mesma cor. `sky` não pede
#        essa decisão a ninguém.
#
#   Separação medida contra os quatro fundos reais dela (WCAG):
#       sky        mocha 10,54 · dock escuro 8,69 · painel medido hoje 2,59 · latte 1,38
#       sapphire   mocha  8,69 · dock escuro 7,16 · painel medido hoje 2,14 · latte 1,67
#       a marca    mocha 11,60 · dock escuro 9,56 · painel medido hoje 2,85 · latte 1,25
#   `sky` ganha de `sapphire` nos três estados escuros e médio, e perde no latte —
#   e é a que acompanha mais de perto o comportamento da marca real nos quatro.
#   Se ela preferir mais separação no CLARO a mais fidelidade, é uma palavra nesta
#   linha: `sapphire` dá 1,67 no latte, mas aí a colisão com o ONLYOFFICE volta e
#   passa a exigir um `:alias` decidido por ela.
#
# ============================================================================
# PROCEDÊNCIA
# ============================================================================
#
# Arcticons, CC BY-SA 4.0 — livre para modificar, e é isso que autoriza
# recolorir. Baixado um a um pela API do Iconify, nunca o repositório inteiro.
# Ver `assets/icones/PROCEDENCIA.md`.

# ============================================================================
# A UNIFICAÇÃO — 10/08/2026, decidida por ela na folha
# ============================================================================
#
# Este mapa tinha TRÊS linhas e virou trinta e oito. A mudança não é de tamanho:
# é de papel. O Arcticons era o acervo de APOIO, que vestia o que sobrava; agora
# ele é a linguagem do lançador inteiro.
#
# COMO ELA CHEGOU AQUI
#   A folha `scripts/folha_icones.py` mostrou os 41 aplicativos agrupados por
#   quem os desenhou, nos dois tamanhos e nos quatro fundos. Estavam em cinco
#   procedências incompatíveis: 12 Catppuccin, 8 do COSMIC, 3 Arcticons, 2 dela,
#   16 sem tema nenhum. Ela pediu para unificar.
#
#   Unificar em Catppuccin era impossível, e o número é o argumento: aquele
#   acervo tem 146 nomes e cobre DOIS dos 16 sem tema. O Arcticons tem 14.996 e
#   cobre TREZE. Não é "a opção melhor" — é a única que existe.
#
#   Ela viu os 35 glifos propostos na `scripts/folha_proposta.py`, cada um ao
#   lado do ícone de então, já na cor final, com o motivo de cada escolha minha
#   escrito no cartão. Aprovou os 35.
#
# A COR É POR CATEGORIA, E POR ISSO A DIRETIVA ABAIXO EXISTE
#   Seis cores para trinta e cinco nomes, escolha dela entre "uma cor só",
#   "por categoria" e "uma a uma". Isso derruba a asserção de cor repetida, que
#   foi escrita para um mapa de três linhas onde repetir só podia ser descuido.
#   A política é declarada uma vez, aqui, em vez de virar 35 `:alias` — ver o
#   comentário de `COR_POR_CATEGORIA` no `scripts/icones_apps_arcticons.sh`.
#
#     navegador  blue      rede     sky        mídia    green
#     criação    pink      leitura  peach      sistema  lavender
#
#   A asserção de GLIFO repetido continua de pé, e uma linha a aciona: o
#   `CosmicMonitor` divide o `osmonitor` com o `btop`. Eu avisei que os dois
#   ficariam iguais no lançador e ela aprovou assim mesmo — daí o `:alias`, que
#   é a marca de "a repetição foi decidida", não de "ninguém percebeu".
#
# QUATRO GLIFOS FORAM TROCADOS DEPOIS DE RASTERIZADOS, E ISSO SE MEDE
#   O nome parecia certo e o desenho não era:
#     markdown       (Apostrophe)   é só um asterisco       -> writer
#     shop           (Loja)         desenha a PALAVRA "shop"-> shopping
#     zip / box      (File Roller)  desenham "ZIP" e "box"  -> compressor
#     settings-alt-1 (Tweaks)       engrenagem igual à do Settings -> equalizer
#   Letra vetorizada com traço de 1 px a 48 px é borrão, não ícone. Olhar o nome
#   no índice não basta: tem que rasterizar e ver.
#
# TRÊS FICAVAM DE FORA, POR DECISÃO DELA E POR HONESTIDADE — E ISSO ACABOU
#   Flatseal, Gradia e Warehouse dão ZERO no índice de 14.996 nomes. Ficavam no
#   Papirus, coloridos, destoando dos 35 — porque um ícone errado é pior que um
#   genérico, e três exceções visíveis custam menos que três mentiras. Desde
#   11/08/2026 os três têm DESENHO À MÃO no acervo convertido, na gramática do
#   traço: deixaram de ser exceção sem que nenhuma mentira tenha sido criada.
#
# COMO SE DESFAZ
#   Apagar as linhas daqui e devolver as 12 ao `assets/icones/apps.map` (a cópia está no
#   histórico do git, commit anterior a este). O acervo Catppuccin continua
#   inteiro em `assets/icones/catppuccin-apps/` — nada foi apagado.
#
# ============================================================================
# 22 NOMES SAÍRAM DAQUI EM 11/08/2026, E FORAM PARA `assets/icones/apps-convertidos.map`
# ============================================================================
#
# Não é reversão do que está escrito acima: é o passo seguinte dele. A frase dela
# naquele dia, sobre a captura do lançador — *"no sentido de criarmos icons igual
# o nosso tema atual, entende?"* — pedia ícone PRÓPRIO de cada aplicativo, no
# estilo do traço. O Arcticons dá o estilo, mas não dá o próprio: o `spotify` dele
# é o glifo de música do pack, não a marca do aplicativo dela.
#
# O conversor (`scripts/converter_icone.py`) resolve os dois de uma vez: pega a
# arte CHAPADA que o Papirus já tem para aquele aplicativo exato e a traz para o
# mesmo dialeto de traço. Ela olhou a folha com as 29 conversões e disse *"tão
# todos muito bons"*. Os que ela viu e que ganharam foram para o mapa novo.
#
# QUEM FICA AQUI, E POR QUÊ — cada um por medida, não por sobra:
#   firefox · org.kde.krita                 a conversão FALHA: raposa e camaleão
#       são orgânicos, a informação está no preenchimento.
#   thunderbird                             MEDIDO DE NOVO EM 09/09/2026, E A
#       AFIRMAÇÃO ANTERIOR CAIU. Esta linha dizia que a conversão FALHAVA pelo
#       mesmo motivo dos outros dois. Não falha: com `--k 8 --funde 25` o
#       conversor devolve o pássaro com a ABA DO ENVELOPE, e o desenho lê. O que
#       falhava era o PADRÃO — `--funde 46` funde o envelope (cinza-claro) no
#       corpo do pássaro, porque os dois estão a menos de 46 de distância em RGB,
#       e o que sai é um círculo liso onde devia haver um ∨.
#
#       É a mesma aritmética da boca do Wilber (`retoques/LEIA-ME.txt`), com o
#       desfecho oposto: lá baixar o `--funde` mata o focinho junto e não há
#       saída; aqui não há nada para matar, e baixar resolve.
#
#       ELE CONTINUA AQUI ASSIM MESMO, e por escolha: o glifo do Arcticons é
#       mais limpo — o traço da asa tem intenção, e o do conversor tem contorno.
#       Ela olhou os dois lado a lado em 09/09 e ficou com este. O que muda é o
#       MOTIVO: não é "o conversor não consegue", é "o desenhado à mão está
#       melhor". Motivo errado no arquivo é pior que motivo nenhum, porque quem
#       ler amanhã não vai tentar de novo.
#
#       E o achado que vale mais que este ícone: o `apps-convertidos.map` tem um
#       QUARTO CAMPO para parâmetro por ícone desde que existe, e **0 de 33
#       linhas o usam** — o cabeçalho do `construir_convertidos.sh` até diz
#       "hoje TODOS estão vazios". Antes de inventar algoritmo global novo, há
#       uma válvula construída e nunca girada.
#   com.boxy_svg.BoxySVG                    a flor do meio vira bolha a 48px.
#   btop                                    a conversão é fiel ao Papirus — e o
#       Papirus é o "B" na placa opaca de que ela reclamou. O Arcticons já tinha
#       vencido aqui, em 08/08, por medida.
#   input-remapper · io.gitlab...Upscaler   nunca tiveram origem convertível: o
#       glifo do pack é o desenho, não um substituto dele.
#   os oito `com.system76.Cosmic*` + Tweaks entram na Sprint J, que é decisão
#       dela e continua ABERTA. Não se antecipa gosto.
#
# O ACERVO NÃO ENCOLHEU: os 22 glifos que ninguém mais lê continuam em
# `assets/icones/arcticons-apps/`. Apagá-los faria desfazer esta escolha custar um
# download; do jeito que está, custa uma linha de mapa.
#
# UM NOME NÃO PODE ESTAR NOS DOIS MAPAS — o `_conferir_gemeos` do
# `icones_apps_arcticons.sh` ESTOURA se estiver, pelo mesmo motivo que já
# estourava entre este mapa e o `apps.map`: duas listas da mesma verdade, e a que
# ganha é a que ninguém escolheu.

#!cor-por-categoria

# — os dois primeiros, com a cor que ELA escolheu um a um em 08/08/2026;
#   ficaram fora do esquema de categoria de propósito, e continuam valendo.
#   (o terceiro, o ONLYOFFICE, foi para o mapa dos convertidos e levou a cor
#   `sapphire` junto)
btop:osmonitor:maroon:alias
input-remapper:keymapper:sky

# O PLAYER SAIU DAQUI EM 27/08/2026, E DESTA VEZ QUEM ESCOLHEU FOI ELA
#   O glifo `arcticons:player` é a PALAVRA "player" escrita dentro de um quadrado
#   — não é desenho, é rótulo. Ela olhou a dock e disse: *"reprodutor no caso a
#   logo do player é péssima; desenha uma claquete"*. Não há claquete no pack
#   (nem `clapper`, nem `clapperboard`, nem `slate`), então não existe linha de
#   mapa que conserte isto: a arte tem de NASCER.
#
#   Por isso ele foi para `assets/icones/apps-convertidos.map` com origem `mao` — a
#   mesma porta que o Gradia usa —, e o desenho vive em
#   `assets/icones/convertidos-apps/retoques/com.system76.CosmicPlayer.svg`. A cor
#   `green` foi junto, porque a categoria (mídia) não mudou.
#
#   Isto NÃO é o erro de 11/08 repetido: lá eu troquei o vencedor de um nome que
#   ELA tinha escolhido na folha. Aqui foi ela quem reprovou o glifo, por nome.

# — o que restou da unificação dos 35, agrupado pela categoria que define a cor
firefox:firefox:blue
google-chrome:google-chrome:yellow
thunderbird:thunderbird:sky
com.boxy_svg.BoxySVG:vector:pink
io.gitlab.theevilskeleton.Upscaler:upscaler:pink
org.kde.krita:krita:pink

# ESTAS SEIS LINHAS SAÍRAM DAQUI EM 11/08/2026 E VOLTARAM NO MESMO DIA — O ERRO FOI MEU
#   A remoção (com a do Player e a do Edit, acima) tinha uma premissa razoável e
#   uma conclusão errada. A premissa: os oito `com.system76.Cosmic*` estavam
#   NESTE mapa e, ao mesmo tempo, tinham desenho autoral em `assets/icones/autorais/`
#   que o `completar_icones.sh` instalava em `scalable/apps` — duas verdades por
#   nome, e quem vencia dependia só do tamanho pedido. Isso era real e precisava
#   acabar. A conclusão: "onde há desenho autoral, o autoral vence, porque o
#   Arcticons é acervo de apoio". Foi aí que eu decidi no lugar dela.
#
#   Ela já tinha escolhido, e duas vezes. Em 10/08/2026 aprovou na folha
#   (`scripts/folha_proposta.py:79-91`) exatamente estes oito glifos de LINHA, um
#   a um, com o motivo escrito no cartão. Em 11/08/2026 mandou a captura do
#   lançador e disse "no sentido de criarmos icons igual o nosso tema atual" —
#   e reclamou nominalmente da PASTA MAUVE CHAPADA dos Arquivos, que é o autoral
#   que a minha remoção deixaria vencer. O "nosso tema" é o traço, não o
#   chapado; o autoral é que está fora do padrão (docs/SPRINTS.md, Sprint J).
#
#   O conserto certo, então, não é escolher outro vencedor aqui: é o autoral
#   PARAR de ser instalado em `scalable/apps`. Quem faz isso é o
#   `completar_icones.sh`, que desde 11/08/2026 tem uma lista de RETIRADOS e
#   remove os oito de lá. Continua havendo uma verdade só por nome — e a verdade
#   é a que ela escolheu.
com.system76.CosmicFiles:files:lavender
com.system76.CosmicMonitor:osmonitor:lavender:alias
com.system76.CosmicScreenshot:screenshots:lavender
com.system76.CosmicSettings:settings:lavender
com.system76.CosmicStore:shopping:lavender
com.system76.CosmicTerm:terminal:lavender
dev.edfloreshz.CosmicTweaks:equalizer:lavender
md.obsidian.Obsidian:obsidian:mauve
