# apps-dracula.map — os aplicativos do LANÇADOR vestidos pelo tema autoral Dracula.
#
# Formato:  nome-de-icone-do-.desktop : caminho-do-svg-no-Dracula_OS-Theme   # app
#
# ESTE MAPA NÃO TEM COLUNA DE COR, E A AUSÊNCIA É A INFORMAÇÃO
#   O apps-arcticons.map tem `: cor` porque o Arcticons é MONOCROMÁTICO —
#   medido: 0 cores declaradas num .svg do pack — e o script o pinta com a chave
#   da paleta. Este pack é o oposto: cada desenho traz de 6 a 10 cores próprias
#   (broom 6, key 7, dice 6, cat 10). É arte acabada, não glifo de traço.
#   Recolorir pela paleta não seria aplicar o tema: seria destruir o desenho.
#
#   Por isso a regra "a cor é uma chave da paleta, nunca um hex" não se aplica
#   aqui. Ela nunca foi sobre hex — era sobre quem manda na cor. No Arcticons
#   manda a paleta; neste pack mandam os desenhos, que já nasceram Dracula.
#
# DE ONDE VEM CADA LINHA
#   O casamento app -> desenho não foi refeito: ele existe desde a SPRINT 32 do
#   Dracula_OS-Theme, em `mapping.json` (214 aplicativos) e `catalog.json` (os
#   295 desenhos descritos em PT-BR, com tags e cores). O `origem` de cada
#   entrada diz como o casamento foi feito, e o peso é diferente:
#
#     override-novo      escolha manual do dono, revisada a olho
#     current-nome       nome do ícone bate com um desenho do tema atual
#     upstream           veio do dracula-icons-circle/main
#     alias-heuristico   casamento por semelhança de nome
#     arte-propria       desenho feito para o projeto
#
# O QUE NÃO ENTRA AQUI
#   Os aplicativos que já têm ARTE AUTORAL no próprio MeowSystem
#   (assets/icones/autorais/*-dracula.svg) ficam comentados abaixo: aquele
#   desenho é gerado da paleta pelo gerar_icones_autorais.py e acompanha o
#   flavor sozinho. Vestir por aqui seria trocar arte viva por arte congelada.
#
# ============================================================================

io.gitlab.theevilskeleton.Upscaler : new-sessao-atual/telescope.svg   # Ampliar — telescópio
io.github.dvlv.boxbuddyrs : new-sessao-atual/chest-variant.svg   # BoxBuddy — baú (variação)
org.gnome.Calculator : upstream/dracula-icons-circle/scalable/apps/org.gnome.Calculator.svg   # Calculator [upstream]
foundryvtt : new-sessao-atual/dice.svg   # Foundry VTT — dados
google-chrome : current/scalable/apps/google-chrome.svg   # Google Chrome [alias-heuristico]
com.system76.Popsicle : new-sessao-atual/lollipop.svg   # Gravador USB Popsicle — pirulito
input-keyboard : upstream/dracula-icons-circle/scalable/apps/input-keyboard.svg   # Input Method [upstream]
org.kde.krita : new-sessao-atual/magic-wand-variant.svg   # Krita — varinha (variação)
menulibre : new-sessao-atual/scroll.svg   # Menu Editor — pergaminho
nyx : projects/nyx.svg   # Nyx [arte-propria]
md.obsidian.Obsidian : current/scalable/apps/050-circle.svg   # Obsidian [alias-heuristico]
org.onlyoffice.desktopeditors : new-sessao-atual/book.svg   # ONLYOFFICE — livro
org.qbittorrent.qBittorrent : current/scalable/apps/qbittorrent.svg   # qBittorrent [alias-heuristico]
rlogo_icon : new-sessao-atual/spell-book.svg   # R — livro de feitiços
steam : current/scalable/apps/steam.svg   # Steam [current-nome]
org.telegram.desktop : current/scalable/apps/telegram.svg   # Telegram [alias-heuristico]
io.github.flattool.Warehouse : new-sessao-atual/building.svg   # Warehouse — edifício

# --- já têm arte autoral no MeowSystem (não entram) -----------------------
# com.system76.CosmicSettings                -> autorais/cosmic-settings-dracula.svg   # Configurações
# com.system76.CosmicEdit                    -> autorais/cosmic-edit-dracula.svg   # Editor de Texto
# fogstripper                                -> autorais/fogstripper-dracula.svg   # FogStripper
# com.system76.CosmicFiles                   -> autorais/cosmic-files-dracula.svg   # Gestor de Arquivos
# com.system76.CosmicStore                   -> autorais/cosmic-store-dracula.svg   # Loja de Aplicativos
# com.system76.CosmicTerm                    -> autorais/cosmic-term-dracula.svg   # Terminal

# --- sem desenho ainda ----------------------------------------------------
# com.beholder.app : ?   # Beholder
# bleachbit : ?   # BleachBit
# bleachbit : ?   # BleachBit (as root)
# com.boxy_svg.BoxySVG : ?   # Boxy SVG
# org.andrebfarias.Crononauta : ?   # Chrononauta
# Ubuntu-selfservice : ?   # Citrix Workspace (on Ubuntu)
# com.github.rafostar.Clapper : ?   # Clapper
# io.github.cosmic_utils.camera : ?   # Câmera
# com.discordapp.Discord : ?   # Discord
# extase-em-4r73 : ?   # Extase em 4R73
# be.alexandervanhee.gradia : ?   # Gradia
# hefesto-dualsense4unix : ?   # Hefesto - Dualsense4Unix
# com.meowsystem.Painel : ?   # MeowSystem
# com.microsoft.Edge : ?   # Microsoft Edge
# com.obsproject.Studio : ?   # OBS Studio
# protocolo-ouroboros : ?   # Ouroboros
# pdfforge : ?   # PDForge
# sigilo : ?   # Sigilo
# com.spotify.Client : ?   # Spotify
# syncthing : ?   # Syncthing Web UI
# thunderbird : ?   # Thunderbird
# uad-ng : ?   # Universal Android Debloater
# qrcode-void-generator : ?   # VOID | QRcode
# net.waterfox.waterfox : ?   # Waterfox
# whatsapp-linux-app : ?   # WhatsApp
