# apps-marca.map — a cor do traço puxada da MARCA do aplicativo, e não da
# categoria dele. Este mapa NÃO tem efeito nenhum enquanto
# `ICONES_COR_MARCA="nao"` no `meow.conf` — que é o padrão.
#
# Formato:  nome-de-icone-do-.desktop : cor : justificativa
#
# O QUE ELE É
#   Um OVERRIDE, não um terceiro acervo. A arte continua vindo de
#   `assets/icones/apps-arcticons.map` (glifo do pack) ou de `assets/icones/apps-convertidos.map`
#   (conversão nossa); o que este arquivo troca é UM campo — a cor — e só de
#   quem está listado aqui. Quem não está listado continua com a cor de
#   categoria, intacta. Por isso não há risco de "dois donos": os dois mapas de
#   arte continuam sendo a única fonte de DESENHO, e a asserção de nome repetido
#   entre eles continua valendo sem nenhuma mudança.
#
# ============================================================================
# DE ONDE ISTO VEIO — a frase dela, e a contradição que ela abre
# ============================================================================
#
# 23/08/2026, olhando o dock:
#
#     "a cor de alguns svgs tão diferentes das logos originais. tipo a do wpp
#      ou steam, chrome, coisa que nas linhas ia facilitar nossa vida"
#
# O pedido é claro e é só de COR: o traço fica traço, `fill:none` fica
# `fill:none`, a paleta continua sendo `assets/paleta/catppuccin.json`. O que muda é
# QUAL cor da paleta cada aplicativo recebe.
#
# MAS ELE DERRUBA UMA ESCOLHA DELA, E ISSO PRECISA ESTAR ESCRITO
#   Em 10/08/2026 ela escolheu, entre três opções que lhe foram postas —
#   "uma cor só", "por categoria" e "uma a uma" — a do MEIO. Seis cores para
#   trinta e cinco nomes:
#
#     navegador  blue      rede     sky        mídia    green
#     criação    pink      leitura  peach      sistema  lavender
#
#   Cor por marca é, na prática, a terceira opção — a que ela NÃO escolheu.
#   As duas não podem ser verdade ao mesmo tempo, e o exemplo é a categoria
#   "rede": com marca, o WhatsApp fica verde, o Discord lavender, o Telegram
#   sapphire e o Thunderbird blue. Sobra UM `sky` na categoria inteira (o
#   input-remapper, que nem é rede — é a cor que ela escolheu à mão em 08/08).
#   A categoria "rede" deixa de existir como cor.
#
#   Por isso este mapa nasce DESLIGADO. Não é timidez de engenharia: é a regra
#   da casa em `docs/SPRINTS.md` — a folha visual vem antes do código, e escolha
#   estética não se aplica na tela dela sem ela ter visto.
#
# ============================================================================
# COMO A COR FOI DECIDIDA — medida, não lembrada
# ============================================================================
#
# NENHUM hex de marca foi escrito de cabeça. Duas fontes independentes tinham de
# concordar antes de uma linha entrar aqui:
#
#   1. A ARTE INSTALADA NESTA MÁQUINA, rasterizada a 128 px e medida em Oklab.
#      A arte do PRÓPRIO FORNECEDOR quando ela existe — o SVG do flatpak, o PNG
#      do `hicolor` do pacote — e NUNCA o Papirus quando havia alternativa. Isso
#      importa: o Papirus é um REDESENHO na paleta do Papirus, não a marca. Ele
#      pinta a Calculadora do GNOME de verde e o File Roller de verde também;
#      nenhum dos dois tem verde nenhum de marca.
#
#   2. O HEX OFICIAL DA MARCA, conferido contra a medição. Onde os dois caem na
#      mesma cor Catppuccin, a linha entra. Onde discordam, ela não entra.
#
# O TESTE QUE DECIDE SE UM APLICATIVO TEM MARCA COLORIDA (é aritmética, não
# gosto), sobre os pixels opacos da arte de origem:
#
#     cromático  = fatia com croma Oklab > 0,05
#     dominância = fatia do maior bin de matiz (30°) entre os cromáticos
#     TEM MARCA  ⇔  cromático ≥ 25%  E  dominância ≥ 60%
#
# Quem reprova não entra aqui, e os três modos de reprovar são diferentes:
#
#   ACROMÁTICO — a marca não tem cor. Medido:
#       OBS Studio  cromático 0,0%   (o ícone é branco e cinza, ponto)
#       GIMP        cromático 2,1%   (o Wilber é pardo; não há cor de marca)
#     Pintar um destes "da cor da marca" seria inventar a marca.
#
#   MULTICOLOR — a marca tem cor, mas não tem UMA cor. Medido:
#       Chrome      dominância 26,8%  (verde 27% · amarelo 27% · vermelho 26% ·
#                                      azul 18% — quatro fatias, nenhuma manda)
#       Krita       dominância 18,4%
#       ONLYOFFICE  dominância 44,8%
#     Ver a seção do Chrome abaixo: ele é o caso que ela citou pelo nome.
#
#   SEM MARCA — aplicativo genérico, do GNOME ou do próprio COSMIC. A cor de
#     hoje é categoria e está CERTA: os nove `com.system76.Cosmic*` são
#     `lavender` porque lavender é a cor de SISTEMA, não porque a System76 tenha
#     escolhido lavender.
#
# ============================================================================
# O CHROME NÃO ENTRA, E O MOTIVO É MEDIDO — não é preguiça
# ============================================================================
#
# Ela citou o Chrome pelo nome, então a resposta precisa ser boa.
#
# PRIMEIRO: o que está na tela dela HOJE não é arco-íris nenhum. Medido —
# `48x48/apps/google-chrome.svg` é UM traço `#89B4FA` (`blue`), `fill="none"`,
# `stroke-width="1.75"`, e é o único arquivo `chrome` do tema (nenhum PNG
# concorrente: `512x512/apps` está VAZIO). O que existe de arco-íris é a LOGO
# ORIGINAL, e é justamente com ela que a nossa está sendo comparada.
#
# SEGUNDO: `blue` já é a resposta certa, e por medida. O azul oficial do Chrome
# é `#4285F4`; a distância de matiz Oklab dele até o `blue` do Catppuccin Mocha
# é **0°**. Não há cor melhor na paleta — é coincidência exata, e é também o
# miolo da logo, que é a parte que sobrevive quando a marca vira monocromática.
#
# TERCEIRO: um Chrome de QUATRO cores foi tentado e é IMPOSSÍVEL sem redesenhar.
# A conversão tem 8 `<path>`, mas eles são CONTORNOS TRAÇADOS, não as regiões de
# cor da logo: o `path[0]` é o círculo externo inteiro e os outros sete são
# fragmentos do cata-vento que ATRAVESSAM as fronteiras de cor. Rasterizados um
# a um, nenhum é "a pá vermelha". Pintar pá por pá exigiria desenhar de novo — e
# isso é exatamente o que ela proibiu em 11/08/2026: *não inventar glifo onde não
# há origem*.
#
# Então o Chrome fica como está, e isso é resultado, não omissão.
#
# ============================================================================
# COMO SE DESFAZ — e por que desligar realmente DESLIGA
# ============================================================================
#
# `ICONES_COR_MARCA="nao"` no `meow.conf` e rodar o `icones_apps_arcticons.sh`.
#
# Não há resíduo a limpar, e o motivo é estrutural: aquele script é DONO ÚNICO
# de `48x48/apps` e reescreve todo arquivo cujo conteúdo divergir do desejado
# (`_aplicar` compara conteúdo via `meow_escrever`, não existência). Com a chave
# em "nao" o desejado volta a ser a cor de categoria, os arquivos divergem, e a
# própria passagem seguinte os reescreve. Nada fica para trás — a mesma
# propriedade que o `_conferir` usa para acusar divergência.
#
# ============================================================================
# AS LINHAS
# ============================================================================
#
# `cor` é CHAVE DA PALETA, nunca hex — a mesma regra dos dois mapas irmãos.
# A repetição de cor é esperada aqui (dois navegadores laranja são dois
# navegadores laranja), e por isso vale o mesmo `#!cor-por-categoria` dos outros.
#!cor-por-categoria

# — os DOIS que ela citou pelo nome. São as maiores divergências da lista.
meow-whatsapp:green:WhatsApp e verde #25D366; hoje esta sky (ciano). Vendor ZapZap medido #31C03E, dominancia 100%, dH 1 do green
steam:sapphire:o azul da interface Steam e #66C0F4, dH 8 do sapphire; hoje esta green, que nao existe na marca

# — conversa e rede: a categoria `sky` se dissolve, e este e o custo da mudanca
com.discordapp.Discord:mauve:escolha dela na bancada de 09/09/2026. O blurple #5865F2 fica a dH 3 do lavender e a dH 12 do mauve; ela olhou os dois a 48px e ficou com o mauve, que e' a cor da casa
org.telegram.desktop:sapphire:Telegram #26A5E4, dH 8; vendor medido #2BA3DF, dominancia 99%
org.qbittorrent.qBittorrent:blue:qBittorrent #2F67BA, dH 2; vendor medido #356EBF, dominancia 100%
thunderbird:blue:Thunderbird #0A84FF, dH 4; arte do pacote medida #1480E3, dominancia 96%

# — navegadores: os dois laranjas sao laranjas de verdade, e o Chrome fica azul
firefox:peach:Firefox #FF7139 e dH 12 do peach; hoje esta blue, que e do Chrome
com.brave.Browser:peach:Brave #FB542B, dH 18 do peach; vendor medido #FF1F00, dominancia 99%. Alternativa: maroon (dH 26)

# — midia e criacao
org.videolan.VLC:peach:o cone do VLC e #FF8800, dH 4 do peach; hoje esta green
md.obsidian.Obsidian:mauve:Obsidian #7C3AED, dH 12; vendor medido #6E3DD1, dominancia 96%
io.github.shiftey.Desktop:mauve:GitHub Desktop #6E5494, dH 3; arte medida #8033A8, dominancia 100%
vscode:blue:VS Code #007ACC, dH 11. Alternativa: sapphire, que e o que a arte instalada mede

# — o mais fraco da lista, e esta marcado como tal
com.github.johnfactotum.Foliate:teal:Foliate #00B4B4, dH 12. FRACO -- a capa teal cobre so 21% do icone, abaixo do piso de 25%
