# jogos-fora.map — appids que NÃO ganham cartão no lançador, mesmo com manifesto.
#
# Lido por `scripts/jogos_steam.sh`. Formato:
#
#     <appid>:<motivo, com a data e o que foi medido>
#     <appid>:apagar:<motivo>
#
# O SEGUNDO CAMPO É OPCIONAL, E É A DIFERENÇA ENTRE ESCONDER E APAGAR
#   Sem ele — duas partes — a linha só tira o cartão do lançador, e nenhum
#   arquivo é tocado. Com a palavra `apagar`, toda passagem também garante que os
#   arquivos do jogo NÃO estão no disco: a pasta em `steamapps/common/` e o
#   `appmanifest_<appid>.acf` são removidos.
#
#   A pasta nunca é montada a partir desta lista: ela sai do `"installdir"` do
#   próprio manifesto. Um appid errado aqui não acha manifesto e não apaga nada.
#
#   O `apagar` DISPARA UMA VEZ SÓ, e ela não precisa lembrar de nada.
#   A primeira versão deste arquivo era permanente e pedia "tire a linha antes de
#   reinstalar". Ela recusou na hora: *"aí não. tem que ser automatico pq é fogo
#   assim."* Uma regra que só não destrói porque alguém leu um bilhete de meses
#   atrás não é conserto.
#
#   O disparo fica registrado em `~/.local/state/meowsystem/jogos-apagados`. A
#   Steam só escreve `appmanifest_<appid>.acf` quando alguém manda instalar —
#   então um manifesto que aparece DEPOIS do disparo é reinstalação, e nada mais.
#   Nesse caso a linha está GASTA: o cartão volta ao lançador como o de qualquer
#   jogo, o disco não é tocado, e o script avisa que a linha pode sair daqui.
#   Deixá-la também não faz mal.
#
#   E nada é apagado com a Steam ABERTA, nem com uma biblioteca desmontada: nos
#   dois casos a limpeza é adiada para a próxima passagem, em voz alta.
#
# O QUE ESTE ARQUIVO CONSERTA, E POR QUE NÃO DÁ PARA DEDUZIR
#   O gerador toma o `appmanifest_<appid>.acf` como prova de que o jogo está
#   instalado, e essa continua sendo a regra certa para quase tudo: a Steam
#   escreve o manifesto ao instalar e o apaga ao desinstalar.
#
#   Só que existe um terceiro estado, e ele não aparece em arquivo nenhum:
#   O JOGO ESTÁ NO DISCO E A CONTA NÃO TEM MAIS LICENÇA PARA ELE. É o que
#   acontece com demo retirada da loja. Do lado de cá tudo diz "instalado" —
#   medido em 02/09/2026 para o appid 4046520:
#
#     appmanifest_4046520.acf   StateFlags=4, SizeOnDisk 2.476.428.124
#     steamapps/common/…        existe, 2,4 G, com o .exe dentro
#     libraryfolders.vdf        lista o 4046520 entre os 32 apps da biblioteca
#     localconfig.vdf           lista o 4046520 entre os 63 apps da usuária
#
#   E do lado da Steam, o mesmo appid, no `logs/console_log.txt`:
#
#     [2026-08-30 15:54:54] ExecuteSteamURL: "steam://rungameid/4046520"
#     [2026-08-30 15:54:54] GameAction [AppID 4046520] : LaunchApp changed task
#                           to RequestingLicense with ""
#     [2026-08-30 15:54:55] GameAction [AppID 4046520] : LaunchApp failed with
#                           AppError_5 with ""
#
#   `RequestingLicense` -> `AppError_5` é a Steam dizendo que a conta não tem
#   direito ao app. O cartão abria e dava erro; para ela, "o icon dele tá e o
#   jogo não".
#
# POR QUE NÃO LER O LOG EM VEZ DE MANTER UMA LISTA
#   Porque a mesma linha aparece quando a Steam está em modo offline, quando a
#   sessão caiu, e quando a licença é de família e alguém está jogando. Apagar
#   cartão a partir de um log seria o script tirando jogos da tela dela por
#   causa de uma queda de rede. Uma linha escrita à mão diz a mesma coisa sem
#   chutar, e fica com o motivo ao lado.
#
# COMO TIRAR UM JOGO DA LISTA
#   Apague a linha e rode `./install.sh` (ou espere o vigia da Steam). O cartão
#   volta na mesma passagem, com a capa que a Steam tiver baixado.
#
# COMO O PRÓXIMO CASO CHEGA AQUI
#   O `jogos_steam.sh` lê `logs/console_log.txt` atrás de `AppError_5` e AVISA —
#   nunca apaga por conta própria. O aviso já vem com a linha pronta para colar
#   aqui. A recusa de licença também acontece com a Steam offline e com a sessão
#   caída, e é por isso que a última palavra é de quem escreve neste arquivo.

# Mad King Redemption Demo — o nome sai do próprio manifesto na hora do aviso,
# então o motivo abaixo não o repete.
4046520:apagar:demo sem licença desde 30/08/2026 (AppError_5 no console_log da Steam); a Steam não desinstala o que não licencia
