# assets/icones/mimetypes.map — que glifo do pack Catppuccin veste cada tipo de arquivo.
#
# FORMATO      nome-de-icone-freedesktop : glifo-em-icons/catppuccin/<flavor>/
# COMENTÁRIO   linha começando com # ; linha vazia é ignorada
#
# COMO ESTA LISTA NASCEU (05/08/2026)
#   O pack `catppuccin/vscode-icons` tem 656 glifos de LINGUAGEM E FORMATO DE
#   ARQUIVO. Medido duas vezes: ele cobre 1 dos 50 nomes de ícone de APLICATIVO
#   que os .desktop desta máquina pedem (o `vscode`). Ou seja, ele não serve para
#   vestir programas — serve para vestir ARQUIVOS, que é o que o cosmic-files
#   desenha. É por isso que este mapa existe e por isso ele mira em `mimetypes/`.
#
#   Dos 974 nomes de mimetype que o Papirus define, 90 casavam automaticamente
#   pelo último termo (`application-json` -> `json`). Dezoito foram DESCARTADOS
#   porque o casamento estava errado no sentido, não na letra:
#       application-x-cd-image      -> "image"  é imagem de DISCO, não fotografia
#       application-x-flash-video   -> "video"  idem
#       application-x-pem-key       -> "key"    o glifo é chave de config, não PEM
#       text-x-wxmaxima-batch       -> "batch"  o glifo é .bat do Windows
#       application-x-cue           -> "cue"    o glifo é a linguagem CUE
#   Um ícone errado é pior que ícone genérico: ele mente sobre o que é o arquivo.
#
#   O resto foi acrescentado à mão, mirando o que ELA de fato tem no disco —
#   medido em ~/Desenvolvimento, ~/Documentos, ~/Downloads e ~/Imagens:
#       png 728 · pdf 103 · jpeg 35 · csv 28 · zip 24 · svg 11 · xlsx 9 · docx 9
#   O que não estiver aqui continua vindo do Papirus por herança, que é o
#   comportamento certo: xlsx e docx, por exemplo, o pack não cobre.
#
# PARA ACRESCENTAR UM: escreva a linha. Para tirar: apague a linha e rode de novo
# — o script remove o que saiu do mapa, porque ele é dono deste diretório.

application-certificate:certificate
application-dart:dart
application-java:java
application-javascript:javascript
application-json:json
application-pdf:pdf
application-pgp-keys:key
application-pkcs12:certificate
application-sql:database
application-toml:toml
application-vnd.rar:zip
application-x-7z-compressed:zip
application-x-bzip:zip
application-x-compressed-tar:zip
application-x-desktop:exe
application-x-docker:docker
application-x-executable:exe
application-x-font-otf:font
application-x-font-ttf:font
application-x-git:git
application-x-gzip:zip
application-x-java:java
application-x-javascript:javascript
application-x-ms-dos-executable:exe
application-x-perl:perl
application-x-php:php
application-x-rar:zip
application-x-ruby:ruby
application-x-shellscript:bash
application-x-sqlite3:database
application-x-tar:zip
application-x-xz:zip
application-x-yaml:yaml
application-xml:xml
application-zip:zip
audio-flac:audio
audio-midi:midi
audio-mpeg:audio
audio-x-generic:audio
audio-x-vorbis+ogg:audio
audio-x-wav:audio
font-x-generic:font
image-bmp:image
image-gif:image
image-jpeg:image
image-png:image
image-svg+xml:svg
image-svg+xml-compressed:svg
image-tiff:image
image-webp:image
image-x-generic:image
image-x-ico:image
inode-symlink:symlink
javascript:javascript
openoffice4-database:database
openoffice4-oasis-database:database
text-coffeescript:coffeescript
text-csharp:csharp
text-css:css
text-csv:csv
text-html:html
text-javascript:javascript
text-julia:julia
text-markdown:markdown
text-org:org
text-plain:text
text-r:r
text-rust:rust
text-x-arduino:arduino
text-x-c:c
text-x-c++:cpp
text-x-c++hdr:cpp-header
text-x-c++src:cpp
text-x-changelog:changelog
text-x-chdr:c-header
text-x-cmake:cmake
text-x-cobol:cobol
text-x-coffeescript:coffeescript
text-x-common-lisp:lisp
text-x-csharp:csharp
text-x-csrc:c
text-x-dart:dart
text-x-diff:diff
text-x-dockerfile:docker
text-x-elixir:elixir
text-x-emacs-lisp:lisp
text-x-erlang:erlang
text-x-fortran:fortran
text-x-generic:text
text-x-go:go
text-x-gradle:gradle
text-x-haskell:haskell
text-x-java:java
text-x-javascript:javascript
text-x-kotlin:kotlin
text-x-log:log
text-x-lua:lua
text-x-makefile:makefile
text-x-markdown:markdown
text-x-matlab:matlab
text-x-nim:nim
text-x-ocaml:ocaml
text-x-patch:diff
text-x-perl:perl
text-x-python:python
text-x-r:r
text-x-readme:readme
text-x-ruby:ruby
text-x-rust:rust
text-x-sass:sass
text-x-scala:scala
text-x-scheme:scheme
text-x-script:bash
text-x-sh:bash
text-x-sql:database
text-x-twig:twig
text-x-vala:vala
text-x-vue:vue
text-xml:xml
video-mp4:video
video-webm:video
video-x-generic:video
video-x-matroska:video
